[    1380ms] [LOG] 1 @ https://testpages.eviltester.com/challenges/synchronization/dynamic-buttons-03/:1820
[    3390ms] [LOG] 2 @ https://testpages.eviltester.com/challenges/synchronization/dynamic-buttons-03/:1820
[    5406ms] [LOG] 3 @ https://testpages.eviltester.com/challenges/synchronization/dynamic-buttons-03/:1820
[    7408ms] [LOG] 4 @ https://testpages.eviltester.com/challenges/synchronization/dynamic-buttons-03/:1820
[    9415ms] [LOG] 5 @ https://testpages.eviltester.com/challenges/synchronization/dynamic-buttons-03/:1820
[   11432ms] [LOG] 6 @ https://testpages.eviltester.com/challenges/synchronization/dynamic-buttons-03/:1820
[   13449ms] [LOG] 7 @ https://testpages.eviltester.com/challenges/synchronization/dynamic-buttons-03/:1820
[   15466ms] [LOG] 8 @ https://testpages.eviltester.com/challenges/synchronization/dynamic-buttons-03/:1820
[   17474ms] [LOG] 9 @ https://testpages.eviltester.com/challenges/synchronization/dynamic-buttons-03/:1820
[   19487ms] [LOG] 10 @ https://testpages.eviltester.com/challenges/synchronization/dynamic-buttons-03/:1820
[   21498ms] [LOG] 11 @ https://testpages.eviltester.com/challenges/synchronization/dynamic-buttons-03/:1820
[   23501ms] [LOG] 12 @ https://testpages.eviltester.com/challenges/synchronization/dynamic-buttons-03/:1820
[   25519ms] [LOG] 13 @ https://testpages.eviltester.com/challenges/synchronization/dynamic-buttons-03/:1820
[   27523ms] [LOG] 14 @ https://testpages.eviltester.com/challenges/synchronization/dynamic-buttons-03/:1820
[   29527ms] [LOG] 15 @ https://testpages.eviltester.com/challenges/synchronization/dynamic-buttons-03/:1820
[   31535ms] [LOG] 16 @ https://testpages.eviltester.com/challenges/synchronization/dynamic-buttons-03/:1820
[   33537ms] [LOG] 17 @ https://testpages.eviltester.com/challenges/synchronization/dynamic-buttons-03/:1820
[   35543ms] [LOG] 18 @ https://testpages.eviltester.com/challenges/synchronization/dynamic-buttons-03/:1820
[   37554ms] [LOG] 19 @ https://testpages.eviltester.com/challenges/synchronization/dynamic-buttons-03/:1820
[   39565ms] [LOG] 20 @ https://testpages.eviltester.com/challenges/synchronization/dynamic-buttons-03/:1820
[   41579ms] [LOG] 21 @ https://testpages.eviltester.com/challenges/synchronization/dynamic-buttons-03/:1820
[   43582ms] [LOG] 22 @ https://testpages.eviltester.com/challenges/synchronization/dynamic-buttons-03/:1820
[   45593ms] [LOG] 23 @ https://testpages.eviltester.com/challenges/synchronization/dynamic-buttons-03/:1820
[   47609ms] [LOG] 24 @ https://testpages.eviltester.com/challenges/synchronization/dynamic-buttons-03/:1820
[   49619ms] [LOG] 25 @ https://testpages.eviltester.com/challenges/synchronization/dynamic-buttons-03/:1820
[   51627ms] [LOG] 26 @ https://testpages.eviltester.com/challenges/synchronization/dynamic-buttons-03/:1820
[   53638ms] [LOG] 27 @ https://testpages.eviltester.com/challenges/synchronization/dynamic-buttons-03/:1820
[   55645ms] [LOG] 28 @ https://testpages.eviltester.com/challenges/synchronization/dynamic-buttons-03/:1820
[   57662ms] [LOG] 29 @ https://testpages.eviltester.com/challenges/synchronization/dynamic-buttons-03/:1820
[   59669ms] [LOG] 30 @ https://testpages.eviltester.com/challenges/synchronization/dynamic-buttons-03/:1820
[   61681ms] [LOG] 31 @ https://testpages.eviltester.com/challenges/synchronization/dynamic-buttons-03/:1820
[   63687ms] [LOG] 32 @ https://testpages.eviltester.com/challenges/synchronization/dynamic-buttons-03/:1820
[   65692ms] [LOG] 33 @ https://testpages.eviltester.com/challenges/synchronization/dynamic-buttons-03/:1820
[   67698ms] [LOG] 34 @ https://testpages.eviltester.com/challenges/synchronization/dynamic-buttons-03/:1820
[   69708ms] [LOG] 35 @ https://testpages.eviltester.com/challenges/synchronization/dynamic-buttons-03/:1820
[   71720ms] [LOG] 36 @ https://testpages.eviltester.com/challenges/synchronization/dynamic-buttons-03/:1820
[   73724ms] [LOG] 37 @ https://testpages.eviltester.com/challenges/synchronization/dynamic-buttons-03/:1820
[   75739ms] [LOG] 38 @ https://testpages.eviltester.com/challenges/synchronization/dynamic-buttons-03/:1820
[   77743ms] [LOG] 39 @ https://testpages.eviltester.com/challenges/synchronization/dynamic-buttons-03/:1820
[   79758ms] [LOG] 40 @ https://testpages.eviltester.com/challenges/synchronization/dynamic-buttons-03/:1820
[   81775ms] [LOG] 41 @ https://testpages.eviltester.com/challenges/synchronization/dynamic-buttons-03/:1820
[   83784ms] [LOG] 42 @ https://testpages.eviltester.com/challenges/synchronization/dynamic-buttons-03/:1820
[   85795ms] [LOG] 43 @ https://testpages.eviltester.com/challenges/synchronization/dynamic-buttons-03/:1820
[   87803ms] [LOG] 44 @ https://testpages.eviltester.com/challenges/synchronization/dynamic-buttons-03/:1820
[   89816ms] [LOG] 45 @ https://testpages.eviltester.com/challenges/synchronization/dynamic-buttons-03/:1820
[   91830ms] [LOG] 46 @ https://testpages.eviltester.com/challenges/synchronization/dynamic-buttons-03/:1820
[   93839ms] [LOG] 47 @ https://testpages.eviltester.com/challenges/synchronization/dynamic-buttons-03/:1820
[   95857ms] [LOG] 48 @ https://testpages.eviltester.com/challenges/synchronization/dynamic-buttons-03/:1820
[   97860ms] [LOG] 49 @ https://testpages.eviltester.com/challenges/synchronization/dynamic-buttons-03/:1820
[   99866ms] [LOG] 50 @ https://testpages.eviltester.com/challenges/synchronization/dynamic-buttons-03/:1820
[  101881ms] [LOG] 51 @ https://testpages.eviltester.com/challenges/synchronization/dynamic-buttons-03/:1820
[  103888ms] [LOG] 52 @ https://testpages.eviltester.com/challenges/synchronization/dynamic-buttons-03/:1820
[  105902ms] [LOG] 53 @ https://testpages.eviltester.com/challenges/synchronization/dynamic-buttons-03/:1820
[  107915ms] [LOG] 54 @ https://testpages.eviltester.com/challenges/synchronization/dynamic-buttons-03/:1820
[  109916ms] [LOG] 55 @ https://testpages.eviltester.com/challenges/synchronization/dynamic-buttons-03/:1820
[  111927ms] [LOG] 56 @ https://testpages.eviltester.com/challenges/synchronization/dynamic-buttons-03/:1820
[  113943ms] [LOG] 57 @ https://testpages.eviltester.com/challenges/synchronization/dynamic-buttons-03/:1820
[  115951ms] [LOG] 58 @ https://testpages.eviltester.com/challenges/synchronization/dynamic-buttons-03/:1820
[  117967ms] [LOG] 59 @ https://testpages.eviltester.com/challenges/synchronization/dynamic-buttons-03/:1820
[  119970ms] [LOG] 60 @ https://testpages.eviltester.com/challenges/synchronization/dynamic-buttons-03/:1820
[  121986ms] [LOG] 61 @ https://testpages.eviltester.com/challenges/synchronization/dynamic-buttons-03/:1820
[  123994ms] [LOG] 62 @ https://testpages.eviltester.com/challenges/synchronization/dynamic-buttons-03/:1820
[  126007ms] [LOG] 63 @ https://testpages.eviltester.com/challenges/synchronization/dynamic-buttons-03/:1820
[  128008ms] [LOG] 64 @ https://testpages.eviltester.com/challenges/synchronization/dynamic-buttons-03/:1820
[  130013ms] [LOG] 65 @ https://testpages.eviltester.com/challenges/synchronization/dynamic-buttons-03/:1820
[  132024ms] [LOG] 66 @ https://testpages.eviltester.com/challenges/synchronization/dynamic-buttons-03/:1820
[  134034ms] [LOG] 67 @ https://testpages.eviltester.com/challenges/synchronization/dynamic-buttons-03/:1820
[  136050ms] [LOG] 68 @ https://testpages.eviltester.com/challenges/synchronization/dynamic-buttons-03/:1820
[  138053ms] [LOG] 69 @ https://testpages.eviltester.com/challenges/synchronization/dynamic-buttons-03/:1820
[  140058ms] [LOG] 70 @ https://testpages.eviltester.com/challenges/synchronization/dynamic-buttons-03/:1820
[  142070ms] [LOG] 71 @ https://testpages.eviltester.com/challenges/synchronization/dynamic-buttons-03/:1820
[  144080ms] [LOG] 72 @ https://testpages.eviltester.com/challenges/synchronization/dynamic-buttons-03/:1820
[  146089ms] [LOG] 73 @ https://testpages.eviltester.com/challenges/synchronization/dynamic-buttons-03/:1820
[  148102ms] [LOG] 74 @ https://testpages.eviltester.com/challenges/synchronization/dynamic-buttons-03/:1820
[  150113ms] [LOG] 75 @ https://testpages.eviltester.com/challenges/synchronization/dynamic-buttons-03/:1820
[  152123ms] [LOG] 76 @ https://testpages.eviltester.com/challenges/synchronization/dynamic-buttons-03/:1820
[  154126ms] [LOG] 77 @ https://testpages.eviltester.com/challenges/synchronization/dynamic-buttons-03/:1820
[  156138ms] [LOG] 78 @ https://testpages.eviltester.com/challenges/synchronization/dynamic-buttons-03/:1820
[  158154ms] [LOG] 79 @ https://testpages.eviltester.com/challenges/synchronization/dynamic-buttons-03/:1820
[  160160ms] [LOG] 80 @ https://testpages.eviltester.com/challenges/synchronization/dynamic-buttons-03/:1820
[  162163ms] [LOG] 81 @ https://testpages.eviltester.com/challenges/synchronization/dynamic-buttons-03/:1820
[  164164ms] [LOG] 82 @ https://testpages.eviltester.com/challenges/synchronization/dynamic-buttons-03/:1820
[  166174ms] [LOG] 83 @ https://testpages.eviltester.com/challenges/synchronization/dynamic-buttons-03/:1820
[  168190ms] [LOG] 84 @ https://testpages.eviltester.com/challenges/synchronization/dynamic-buttons-03/:1820
[  170206ms] [LOG] 85 @ https://testpages.eviltester.com/challenges/synchronization/dynamic-buttons-03/:1820
[  172221ms] [LOG] 86 @ https://testpages.eviltester.com/challenges/synchronization/dynamic-buttons-03/:1820
[  174236ms] [LOG] 87 @ https://testpages.eviltester.com/challenges/synchronization/dynamic-buttons-03/:1820
[  176251ms] [LOG] 88 @ https://testpages.eviltester.com/challenges/synchronization/dynamic-buttons-03/:1820
[  178252ms] [LOG] 89 @ https://testpages.eviltester.com/challenges/synchronization/dynamic-buttons-03/:1820
[  180258ms] [LOG] 90 @ https://testpages.eviltester.com/challenges/synchronization/dynamic-buttons-03/:1820
[  182261ms] [LOG] 91 @ https://testpages.eviltester.com/challenges/synchronization/dynamic-buttons-03/:1820
[  184276ms] [LOG] 92 @ https://testpages.eviltester.com/challenges/synchronization/dynamic-buttons-03/:1820
[  186290ms] [LOG] 93 @ https://testpages.eviltester.com/challenges/synchronization/dynamic-buttons-03/:1820
[  188301ms] [LOG] 94 @ https://testpages.eviltester.com/challenges/synchronization/dynamic-buttons-03/:1820
[  190317ms] [LOG] 95 @ https://testpages.eviltester.com/challenges/synchronization/dynamic-buttons-03/:1820
[  192324ms] [LOG] 96 @ https://testpages.eviltester.com/challenges/synchronization/dynamic-buttons-03/:1820
[  194325ms] [LOG] 97 @ https://testpages.eviltester.com/challenges/synchronization/dynamic-buttons-03/:1820
[  196336ms] [LOG] 98 @ https://testpages.eviltester.com/challenges/synchronization/dynamic-buttons-03/:1820
[  198345ms] [LOG] 99 @ https://testpages.eviltester.com/challenges/synchronization/dynamic-buttons-03/:1820
[  200357ms] [LOG] 100 @ https://testpages.eviltester.com/challenges/synchronization/dynamic-buttons-03/:1820
[  202373ms] [LOG] 101 @ https://testpages.eviltester.com/challenges/synchronization/dynamic-buttons-03/:1820
[  204382ms] [LOG] 102 @ https://testpages.eviltester.com/challenges/synchronization/dynamic-buttons-03/:1820
[  206399ms] [LOG] 103 @ https://testpages.eviltester.com/challenges/synchronization/dynamic-buttons-03/:1820
[  208400ms] [LOG] 104 @ https://testpages.eviltester.com/challenges/synchronization/dynamic-buttons-03/:1820
[  210417ms] [LOG] 105 @ https://testpages.eviltester.com/challenges/synchronization/dynamic-buttons-03/:1820
[  212431ms] [LOG] 106 @ https://testpages.eviltester.com/challenges/synchronization/dynamic-buttons-03/:1820
[  214446ms] [LOG] 107 @ https://testpages.eviltester.com/challenges/synchronization/dynamic-buttons-03/:1820
[  216460ms] [LOG] 108 @ https://testpages.eviltester.com/challenges/synchronization/dynamic-buttons-03/:1820
[  218469ms] [LOG] 109 @ https://testpages.eviltester.com/challenges/synchronization/dynamic-buttons-03/:1820
[  220486ms] [LOG] 110 @ https://testpages.eviltester.com/challenges/synchronization/dynamic-buttons-03/:1820
[  228847ms] [LOG] 111 @ https://testpages.eviltester.com/challenges/synchronization/dynamic-buttons-03/:1820
[  230850ms] [LOG] 112 @ https://testpages.eviltester.com/challenges/synchronization/dynamic-buttons-03/:1820
[  232851ms] [LOG] 113 @ https://testpages.eviltester.com/challenges/synchronization/dynamic-buttons-03/:1820
[  234857ms] [LOG] 114 @ https://testpages.eviltester.com/challenges/synchronization/dynamic-buttons-03/:1820
[  236873ms] [LOG] 115 @ https://testpages.eviltester.com/challenges/synchronization/dynamic-buttons-03/:1820
[  238881ms] [LOG] 116 @ https://testpages.eviltester.com/challenges/synchronization/dynamic-buttons-03/:1820
[  240895ms] [LOG] 117 @ https://testpages.eviltester.com/challenges/synchronization/dynamic-buttons-03/:1820
[  242905ms] [LOG] 118 @ https://testpages.eviltester.com/challenges/synchronization/dynamic-buttons-03/:1820
[  244910ms] [LOG] 119 @ https://testpages.eviltester.com/challenges/synchronization/dynamic-buttons-03/:1820
[  246914ms] [LOG] 120 @ https://testpages.eviltester.com/challenges/synchronization/dynamic-buttons-03/:1820
[  248927ms] [LOG] 121 @ https://testpages.eviltester.com/challenges/synchronization/dynamic-buttons-03/:1820
[  250941ms] [LOG] 122 @ https://testpages.eviltester.com/challenges/synchronization/dynamic-buttons-03/:1820
[  252954ms] [LOG] 123 @ https://testpages.eviltester.com/challenges/synchronization/dynamic-buttons-03/:1820
[  254961ms] [LOG] 124 @ https://testpages.eviltester.com/challenges/synchronization/dynamic-buttons-03/:1820
[  256968ms] [LOG] 125 @ https://testpages.eviltester.com/challenges/synchronization/dynamic-buttons-03/:1820
[  258977ms] [LOG] 126 @ https://testpages.eviltester.com/challenges/synchronization/dynamic-buttons-03/:1820
[  260989ms] [LOG] 127 @ https://testpages.eviltester.com/challenges/synchronization/dynamic-buttons-03/:1820
[  263004ms] [LOG] 128 @ https://testpages.eviltester.com/challenges/synchronization/dynamic-buttons-03/:1820
[  265007ms] [LOG] 129 @ https://testpages.eviltester.com/challenges/synchronization/dynamic-buttons-03/:1820
[  267009ms] [LOG] 130 @ https://testpages.eviltester.com/challenges/synchronization/dynamic-buttons-03/:1820
[  269024ms] [LOG] 131 @ https://testpages.eviltester.com/challenges/synchronization/dynamic-buttons-03/:1820
[  271025ms] [LOG] 132 @ https://testpages.eviltester.com/challenges/synchronization/dynamic-buttons-03/:1820
[  273032ms] [LOG] 133 @ https://testpages.eviltester.com/challenges/synchronization/dynamic-buttons-03/:1820
[  275038ms] [LOG] 134 @ https://testpages.eviltester.com/challenges/synchronization/dynamic-buttons-03/:1820
[  277045ms] [LOG] 135 @ https://testpages.eviltester.com/challenges/synchronization/dynamic-buttons-03/:1820
[  279050ms] [LOG] 136 @ https://testpages.eviltester.com/challenges/synchronization/dynamic-buttons-03/:1820
[  281058ms] [LOG] 137 @ https://testpages.eviltester.com/challenges/synchronization/dynamic-buttons-03/:1820
[  283062ms] [LOG] 138 @ https://testpages.eviltester.com/challenges/synchronization/dynamic-buttons-03/:1820
[  285076ms] [LOG] 139 @ https://testpages.eviltester.com/challenges/synchronization/dynamic-buttons-03/:1820
[  287089ms] [LOG] 140 @ https://testpages.eviltester.com/challenges/synchronization/dynamic-buttons-03/:1820
[  289101ms] [LOG] 141 @ https://testpages.eviltester.com/challenges/synchronization/dynamic-buttons-03/:1820
[  291118ms] [LOG] 142 @ https://testpages.eviltester.com/challenges/synchronization/dynamic-buttons-03/:1820
[  293124ms] [LOG] 143 @ https://testpages.eviltester.com/challenges/synchronization/dynamic-buttons-03/:1820
[  295139ms] [LOG] 144 @ https://testpages.eviltester.com/challenges/synchronization/dynamic-buttons-03/:1820
[  297152ms] [LOG] 145 @ https://testpages.eviltester.com/challenges/synchronization/dynamic-buttons-03/:1820
[  299159ms] [LOG] 146 @ https://testpages.eviltester.com/challenges/synchronization/dynamic-buttons-03/:1820
[  301167ms] [LOG] 147 @ https://testpages.eviltester.com/challenges/synchronization/dynamic-buttons-03/:1820
[  303175ms] [LOG] 148 @ https://testpages.eviltester.com/challenges/synchronization/dynamic-buttons-03/:1820
[  305177ms] [LOG] 149 @ https://testpages.eviltester.com/challenges/synchronization/dynamic-buttons-03/:1820
[  307180ms] [LOG] 150 @ https://testpages.eviltester.com/challenges/synchronization/dynamic-buttons-03/:1820
[  309196ms] [LOG] 151 @ https://testpages.eviltester.com/challenges/synchronization/dynamic-buttons-03/:1820
[  311200ms] [LOG] 152 @ https://testpages.eviltester.com/challenges/synchronization/dynamic-buttons-03/:1820
[  313216ms] [LOG] 153 @ https://testpages.eviltester.com/challenges/synchronization/dynamic-buttons-03/:1820
[  315227ms] [LOG] 154 @ https://testpages.eviltester.com/challenges/synchronization/dynamic-buttons-03/:1820
[  317237ms] [LOG] 155 @ https://testpages.eviltester.com/challenges/synchronization/dynamic-buttons-03/:1820
[  319241ms] [LOG] 156 @ https://testpages.eviltester.com/challenges/synchronization/dynamic-buttons-03/:1820
[  321252ms] [LOG] 157 @ https://testpages.eviltester.com/challenges/synchronization/dynamic-buttons-03/:1820
[  323253ms] [LOG] 158 @ https://testpages.eviltester.com/challenges/synchronization/dynamic-buttons-03/:1820
[  325265ms] [LOG] 159 @ https://testpages.eviltester.com/challenges/synchronization/dynamic-buttons-03/:1820
[  327268ms] [LOG] 160 @ https://testpages.eviltester.com/challenges/synchronization/dynamic-buttons-03/:1820
[  329284ms] [LOG] 161 @ https://testpages.eviltester.com/challenges/synchronization/dynamic-buttons-03/:1820
[  331294ms] [LOG] 162 @ https://testpages.eviltester.com/challenges/synchronization/dynamic-buttons-03/:1820
[  333308ms] [LOG] 163 @ https://testpages.eviltester.com/challenges/synchronization/dynamic-buttons-03/:1820
[  335313ms] [LOG] 164 @ https://testpages.eviltester.com/challenges/synchronization/dynamic-buttons-03/:1820
[  337319ms] [LOG] 165 @ https://testpages.eviltester.com/challenges/synchronization/dynamic-buttons-03/:1820
[  339324ms] [LOG] 166 @ https://testpages.eviltester.com/challenges/synchronization/dynamic-buttons-03/:1820
[  341333ms] [LOG] 167 @ https://testpages.eviltester.com/challenges/synchronization/dynamic-buttons-03/:1820
[  343340ms] [LOG] 168 @ https://testpages.eviltester.com/challenges/synchronization/dynamic-buttons-03/:1820
[  345347ms] [LOG] 169 @ https://testpages.eviltester.com/challenges/synchronization/dynamic-buttons-03/:1820
[  347354ms] [LOG] 170 @ https://testpages.eviltester.com/challenges/synchronization/dynamic-buttons-03/:1820
[  349367ms] [LOG] 171 @ https://testpages.eviltester.com/challenges/synchronization/dynamic-buttons-03/:1820
[  351370ms] [LOG] 172 @ https://testpages.eviltester.com/challenges/synchronization/dynamic-buttons-03/:1820
[  353386ms] [LOG] 173 @ https://testpages.eviltester.com/challenges/synchronization/dynamic-buttons-03/:1820
[  355394ms] [LOG] 174 @ https://testpages.eviltester.com/challenges/synchronization/dynamic-buttons-03/:1820
[  357408ms] [LOG] 175 @ https://testpages.eviltester.com/challenges/synchronization/dynamic-buttons-03/:1820
[  359416ms] [LOG] 176 @ https://testpages.eviltester.com/challenges/synchronization/dynamic-buttons-03/:1820
[  361426ms] [LOG] 177 @ https://testpages.eviltester.com/challenges/synchronization/dynamic-buttons-03/:1820
[  363441ms] [LOG] 178 @ https://testpages.eviltester.com/challenges/synchronization/dynamic-buttons-03/:1820
[  365445ms] [LOG] 179 @ https://testpages.eviltester.com/challenges/synchronization/dynamic-buttons-03/:1820
[  367450ms] [LOG] 180 @ https://testpages.eviltester.com/challenges/synchronization/dynamic-buttons-03/:1820
[  369463ms] [LOG] 181 @ https://testpages.eviltester.com/challenges/synchronization/dynamic-buttons-03/:1820
[  371471ms] [LOG] 182 @ https://testpages.eviltester.com/challenges/synchronization/dynamic-buttons-03/:1820
[  373480ms] [LOG] 183 @ https://testpages.eviltester.com/challenges/synchronization/dynamic-buttons-03/:1820
[  375486ms] [LOG] 184 @ https://testpages.eviltester.com/challenges/synchronization/dynamic-buttons-03/:1820
[  377492ms] [LOG] 185 @ https://testpages.eviltester.com/challenges/synchronization/dynamic-buttons-03/:1820
[  379495ms] [LOG] 186 @ https://testpages.eviltester.com/challenges/synchronization/dynamic-buttons-03/:1820
[  381510ms] [LOG] 187 @ https://testpages.eviltester.com/challenges/synchronization/dynamic-buttons-03/:1820
[  383516ms] [LOG] 188 @ https://testpages.eviltester.com/challenges/synchronization/dynamic-buttons-03/:1820
[  385525ms] [LOG] 189 @ https://testpages.eviltester.com/challenges/synchronization/dynamic-buttons-03/:1820
[  387538ms] [LOG] 190 @ https://testpages.eviltester.com/challenges/synchronization/dynamic-buttons-03/:1820
[  389551ms] [LOG] 191 @ https://testpages.eviltester.com/challenges/synchronization/dynamic-buttons-03/:1820
[  391556ms] [LOG] 192 @ https://testpages.eviltester.com/challenges/synchronization/dynamic-buttons-03/:1820
[  393567ms] [LOG] 193 @ https://testpages.eviltester.com/challenges/synchronization/dynamic-buttons-03/:1820
[  395574ms] [LOG] 194 @ https://testpages.eviltester.com/challenges/synchronization/dynamic-buttons-03/:1820
[  397577ms] [LOG] 195 @ https://testpages.eviltester.com/challenges/synchronization/dynamic-buttons-03/:1820
[  399586ms] [LOG] 196 @ https://testpages.eviltester.com/challenges/synchronization/dynamic-buttons-03/:1820
[  401601ms] [LOG] 197 @ https://testpages.eviltester.com/challenges/synchronization/dynamic-buttons-03/:1820
[  403604ms] [LOG] 198 @ https://testpages.eviltester.com/challenges/synchronization/dynamic-buttons-03/:1820
[  405609ms] [LOG] 199 @ https://testpages.eviltester.com/challenges/synchronization/dynamic-buttons-03/:1820
[  407623ms] [LOG] 200 @ https://testpages.eviltester.com/challenges/synchronization/dynamic-buttons-03/:1820
[  409628ms] [LOG] 201 @ https://testpages.eviltester.com/challenges/synchronization/dynamic-buttons-03/:1820
[  411637ms] [LOG] 202 @ https://testpages.eviltester.com/challenges/synchronization/dynamic-buttons-03/:1820
[  413651ms] [LOG] 203 @ https://testpages.eviltester.com/challenges/synchronization/dynamic-buttons-03/:1820
[  415654ms] [LOG] 204 @ https://testpages.eviltester.com/challenges/synchronization/dynamic-buttons-03/:1820
[  417668ms] [LOG] 205 @ https://testpages.eviltester.com/challenges/synchronization/dynamic-buttons-03/:1820
[  419675ms] [LOG] 206 @ https://testpages.eviltester.com/challenges/synchronization/dynamic-buttons-03/:1820
[  421688ms] [LOG] 207 @ https://testpages.eviltester.com/challenges/synchronization/dynamic-buttons-03/:1820
[  423702ms] [LOG] 208 @ https://testpages.eviltester.com/challenges/synchronization/dynamic-buttons-03/:1820
[  425708ms] [LOG] 209 @ https://testpages.eviltester.com/challenges/synchronization/dynamic-buttons-03/:1820
[  427715ms] [LOG] 210 @ https://testpages.eviltester.com/challenges/synchronization/dynamic-buttons-03/:1820
[  429720ms] [LOG] 211 @ https://testpages.eviltester.com/challenges/synchronization/dynamic-buttons-03/:1820
[  431726ms] [LOG] 212 @ https://testpages.eviltester.com/challenges/synchronization/dynamic-buttons-03/:1820
[  433737ms] [LOG] 213 @ https://testpages.eviltester.com/challenges/synchronization/dynamic-buttons-03/:1820
[  435751ms] [LOG] 214 @ https://testpages.eviltester.com/challenges/synchronization/dynamic-buttons-03/:1820
[  437760ms] [LOG] 215 @ https://testpages.eviltester.com/challenges/synchronization/dynamic-buttons-03/:1820
[  439768ms] [LOG] 216 @ https://testpages.eviltester.com/challenges/synchronization/dynamic-buttons-03/:1820
[  441775ms] [LOG] 217 @ https://testpages.eviltester.com/challenges/synchronization/dynamic-buttons-03/:1820
[  443781ms] [LOG] 218 @ https://testpages.eviltester.com/challenges/synchronization/dynamic-buttons-03/:1820
[  445791ms] [LOG] 219 @ https://testpages.eviltester.com/challenges/synchronization/dynamic-buttons-03/:1820
[  447791ms] [LOG] 220 @ https://testpages.eviltester.com/challenges/synchronization/dynamic-buttons-03/:1820
[  449801ms] [LOG] 221 @ https://testpages.eviltester.com/challenges/synchronization/dynamic-buttons-03/:1820
[  451803ms] [LOG] 222 @ https://testpages.eviltester.com/challenges/synchronization/dynamic-buttons-03/:1820
[  658588ms] [LOG] 223 @ https://testpages.eviltester.com/challenges/synchronization/dynamic-buttons-03/:1820
[  660591ms] [LOG] 224 @ https://testpages.eviltester.com/challenges/synchronization/dynamic-buttons-03/:1820
[  662603ms] [LOG] 225 @ https://testpages.eviltester.com/challenges/synchronization/dynamic-buttons-03/:1820
[ 5020435ms] [LOG] 226 @ https://testpages.eviltester.com/challenges/synchronization/dynamic-buttons-03/:1820
[ 5022448ms] [LOG] 227 @ https://testpages.eviltester.com/challenges/synchronization/dynamic-buttons-03/:1820
[ 5024458ms] [LOG] 228 @ https://testpages.eviltester.com/challenges/synchronization/dynamic-buttons-03/:1820
[ 5026466ms] [LOG] 229 @ https://testpages.eviltester.com/challenges/synchronization/dynamic-buttons-03/:1820
[ 5028467ms] [LOG] 230 @ https://testpages.eviltester.com/challenges/synchronization/dynamic-buttons-03/:1820
[ 5030475ms] [LOG] 231 @ https://testpages.eviltester.com/challenges/synchronization/dynamic-buttons-03/:1820
[ 5032486ms] [LOG] 232 @ https://testpages.eviltester.com/challenges/synchronization/dynamic-buttons-03/:1820
[ 5034500ms] [LOG] 233 @ https://testpages.eviltester.com/challenges/synchronization/dynamic-buttons-03/:1820
[ 5036504ms] [LOG] 234 @ https://testpages.eviltester.com/challenges/synchronization/dynamic-buttons-03/:1820
[ 5038515ms] [LOG] 235 @ https://testpages.eviltester.com/challenges/synchronization/dynamic-buttons-03/:1820
[ 5040516ms] [LOG] 236 @ https://testpages.eviltester.com/challenges/synchronization/dynamic-buttons-03/:1820
[ 5042519ms] [LOG] 237 @ https://testpages.eviltester.com/challenges/synchronization/dynamic-buttons-03/:1820
[ 5044523ms] [LOG] 238 @ https://testpages.eviltester.com/challenges/synchronization/dynamic-buttons-03/:1820
[ 5046533ms] [LOG] 239 @ https://testpages.eviltester.com/challenges/synchronization/dynamic-buttons-03/:1820
[ 5048539ms] [LOG] 240 @ https://testpages.eviltester.com/challenges/synchronization/dynamic-buttons-03/:1820
[ 5050551ms] [LOG] 241 @ https://testpages.eviltester.com/challenges/synchronization/dynamic-buttons-03/:1820
[ 5052563ms] [LOG] 242 @ https://testpages.eviltester.com/challenges/synchronization/dynamic-buttons-03/:1820
[ 5054567ms] [LOG] 243 @ https://testpages.eviltester.com/challenges/synchronization/dynamic-buttons-03/:1820
[ 5056572ms] [LOG] 244 @ https://testpages.eviltester.com/challenges/synchronization/dynamic-buttons-03/:1820
[ 5058581ms] [LOG] 245 @ https://testpages.eviltester.com/challenges/synchronization/dynamic-buttons-03/:1820
[ 5060586ms] [LOG] 246 @ https://testpages.eviltester.com/challenges/synchronization/dynamic-buttons-03/:1820
[ 5062596ms] [LOG] 247 @ https://testpages.eviltester.com/challenges/synchronization/dynamic-buttons-03/:1820
[ 5064604ms] [LOG] 248 @ https://testpages.eviltester.com/challenges/synchronization/dynamic-buttons-03/:1820
[ 5066616ms] [LOG] 249 @ https://testpages.eviltester.com/challenges/synchronization/dynamic-buttons-03/:1820
[ 5068620ms] [LOG] 250 @ https://testpages.eviltester.com/challenges/synchronization/dynamic-buttons-03/:1820
[ 5070622ms] [LOG] 251 @ https://testpages.eviltester.com/challenges/synchronization/dynamic-buttons-03/:1820
[ 5072623ms] [LOG] 252 @ https://testpages.eviltester.com/challenges/synchronization/dynamic-buttons-03/:1820
[ 5074638ms] [LOG] 253 @ https://testpages.eviltester.com/challenges/synchronization/dynamic-buttons-03/:1820
[ 5076640ms] [LOG] 254 @ https://testpages.eviltester.com/challenges/synchronization/dynamic-buttons-03/:1820
[ 5078651ms] [LOG] 255 @ https://testpages.eviltester.com/challenges/synchronization/dynamic-buttons-03/:1820
[ 5080653ms] [LOG] 256 @ https://testpages.eviltester.com/challenges/synchronization/dynamic-buttons-03/:1820
[ 5082661ms] [LOG] 257 @ https://testpages.eviltester.com/challenges/synchronization/dynamic-buttons-03/:1820
[ 5084678ms] [LOG] 258 @ https://testpages.eviltester.com/challenges/synchronization/dynamic-buttons-03/:1820
[ 5086687ms] [LOG] 259 @ https://testpages.eviltester.com/challenges/synchronization/dynamic-buttons-03/:1820
[ 5088693ms] [LOG] 260 @ https://testpages.eviltester.com/challenges/synchronization/dynamic-buttons-03/:1820
[ 5090699ms] [LOG] 261 @ https://testpages.eviltester.com/challenges/synchronization/dynamic-buttons-03/:1820
[ 5092702ms] [LOG] 262 @ https://testpages.eviltester.com/challenges/synchronization/dynamic-buttons-03/:1820
[ 5094709ms] [LOG] 263 @ https://testpages.eviltester.com/challenges/synchronization/dynamic-buttons-03/:1820
[ 5096722ms] [LOG] 264 @ https://testpages.eviltester.com/challenges/synchronization/dynamic-buttons-03/:1820
[ 5098725ms] [LOG] 265 @ https://testpages.eviltester.com/challenges/synchronization/dynamic-buttons-03/:1820
[ 5100728ms] [LOG] 266 @ https://testpages.eviltester.com/challenges/synchronization/dynamic-buttons-03/:1820
[ 5102734ms] [LOG] 267 @ https://testpages.eviltester.com/challenges/synchronization/dynamic-buttons-03/:1820
[ 5104748ms] [LOG] 268 @ https://testpages.eviltester.com/challenges/synchronization/dynamic-buttons-03/:1820
[ 5106763ms] [LOG] 269 @ https://testpages.eviltester.com/challenges/synchronization/dynamic-buttons-03/:1820
[ 5108765ms] [LOG] 270 @ https://testpages.eviltester.com/challenges/synchronization/dynamic-buttons-03/:1820
[ 5110766ms] [LOG] 271 @ https://testpages.eviltester.com/challenges/synchronization/dynamic-buttons-03/:1820
[ 5112774ms] [LOG] 272 @ https://testpages.eviltester.com/challenges/synchronization/dynamic-buttons-03/:1820
[ 5114781ms] [LOG] 273 @ https://testpages.eviltester.com/challenges/synchronization/dynamic-buttons-03/:1820
[ 5116787ms] [LOG] 274 @ https://testpages.eviltester.com/challenges/synchronization/dynamic-buttons-03/:1820
[ 5118789ms] [LOG] 275 @ https://testpages.eviltester.com/challenges/synchronization/dynamic-buttons-03/:1820
[ 5120795ms] [LOG] 276 @ https://testpages.eviltester.com/challenges/synchronization/dynamic-buttons-03/:1820
[ 5122804ms] [LOG] 277 @ https://testpages.eviltester.com/challenges/synchronization/dynamic-buttons-03/:1820
[ 5124813ms] [LOG] 278 @ https://testpages.eviltester.com/challenges/synchronization/dynamic-buttons-03/:1820
[ 5126833ms] [LOG] 279 @ https://testpages.eviltester.com/challenges/synchronization/dynamic-buttons-03/:1820
[ 5128839ms] [LOG] 280 @ https://testpages.eviltester.com/challenges/synchronization/dynamic-buttons-03/:1820
[ 5130851ms] [LOG] 281 @ https://testpages.eviltester.com/challenges/synchronization/dynamic-buttons-03/:1820
[ 5132862ms] [LOG] 282 @ https://testpages.eviltester.com/challenges/synchronization/dynamic-buttons-03/:1820
[ 5134876ms] [LOG] 283 @ https://testpages.eviltester.com/challenges/synchronization/dynamic-buttons-03/:1820
[ 5136886ms] [LOG] 284 @ https://testpages.eviltester.com/challenges/synchronization/dynamic-buttons-03/:1820
[ 5138888ms] [LOG] 285 @ https://testpages.eviltester.com/challenges/synchronization/dynamic-buttons-03/:1820
[ 5140895ms] [LOG] 286 @ https://testpages.eviltester.com/challenges/synchronization/dynamic-buttons-03/:1820
[ 5142898ms] [LOG] 287 @ https://testpages.eviltester.com/challenges/synchronization/dynamic-buttons-03/:1820
[ 5144912ms] [LOG] 288 @ https://testpages.eviltester.com/challenges/synchronization/dynamic-buttons-03/:1820
[ 5146922ms] [LOG] 289 @ https://testpages.eviltester.com/challenges/synchronization/dynamic-buttons-03/:1820
[ 5148930ms] [LOG] 290 @ https://testpages.eviltester.com/challenges/synchronization/dynamic-buttons-03/:1820
[ 5150939ms] [LOG] 291 @ https://testpages.eviltester.com/challenges/synchronization/dynamic-buttons-03/:1820
[ 5152944ms] [LOG] 292 @ https://testpages.eviltester.com/challenges/synchronization/dynamic-buttons-03/:1820
[ 5154961ms] [LOG] 293 @ https://testpages.eviltester.com/challenges/synchronization/dynamic-buttons-03/:1820
[ 5156967ms] [LOG] 294 @ https://testpages.eviltester.com/challenges/synchronization/dynamic-buttons-03/:1820
[ 5158977ms] [LOG] 295 @ https://testpages.eviltester.com/challenges/synchronization/dynamic-buttons-03/:1820
[ 5160994ms] [LOG] 296 @ https://testpages.eviltester.com/challenges/synchronization/dynamic-buttons-03/:1820
[ 5162995ms] [LOG] 297 @ https://testpages.eviltester.com/challenges/synchronization/dynamic-buttons-03/:1820
[ 5164998ms] [LOG] 298 @ https://testpages.eviltester.com/challenges/synchronization/dynamic-buttons-03/:1820
[ 5167000ms] [LOG] 299 @ https://testpages.eviltester.com/challenges/synchronization/dynamic-buttons-03/:1820
[ 5169006ms] [LOG] 300 @ https://testpages.eviltester.com/challenges/synchronization/dynamic-buttons-03/:1820
[ 5171012ms] [LOG] 301 @ https://testpages.eviltester.com/challenges/synchronization/dynamic-buttons-03/:1820
[ 5173028ms] [LOG] 302 @ https://testpages.eviltester.com/challenges/synchronization/dynamic-buttons-03/:1820
[ 5175040ms] [LOG] 303 @ https://testpages.eviltester.com/challenges/synchronization/dynamic-buttons-03/:1820
[ 5177056ms] [LOG] 304 @ https://testpages.eviltester.com/challenges/synchronization/dynamic-buttons-03/:1820
[ 5179061ms] [LOG] 305 @ https://testpages.eviltester.com/challenges/synchronization/dynamic-buttons-03/:1820
[ 5181067ms] [LOG] 306 @ https://testpages.eviltester.com/challenges/synchronization/dynamic-buttons-03/:1820
[ 5183079ms] [LOG] 307 @ https://testpages.eviltester.com/challenges/synchronization/dynamic-buttons-03/:1820
[ 5185091ms] [LOG] 308 @ https://testpages.eviltester.com/challenges/synchronization/dynamic-buttons-03/:1820
[ 5187094ms] [LOG] 309 @ https://testpages.eviltester.com/challenges/synchronization/dynamic-buttons-03/:1820
[ 5189105ms] [LOG] 310 @ https://testpages.eviltester.com/challenges/synchronization/dynamic-buttons-03/:1820
[ 5191106ms] [LOG] 311 @ https://testpages.eviltester.com/challenges/synchronization/dynamic-buttons-03/:1820
[ 5193122ms] [LOG] 312 @ https://testpages.eviltester.com/challenges/synchronization/dynamic-buttons-03/:1820
[ 5195129ms] [LOG] 313 @ https://testpages.eviltester.com/challenges/synchronization/dynamic-buttons-03/:1820
[ 5197132ms] [LOG] 314 @ https://testpages.eviltester.com/challenges/synchronization/dynamic-buttons-03/:1820
[ 5199144ms] [LOG] 315 @ https://testpages.eviltester.com/challenges/synchronization/dynamic-buttons-03/:1820
[ 5201150ms] [LOG] 316 @ https://testpages.eviltester.com/challenges/synchronization/dynamic-buttons-03/:1820
[ 5203161ms] [LOG] 317 @ https://testpages.eviltester.com/challenges/synchronization/dynamic-buttons-03/:1820
[ 5205165ms] [LOG] 318 @ https://testpages.eviltester.com/challenges/synchronization/dynamic-buttons-03/:1820
[ 5207175ms] [LOG] 319 @ https://testpages.eviltester.com/challenges/synchronization/dynamic-buttons-03/:1820
[ 5209178ms] [LOG] 320 @ https://testpages.eviltester.com/challenges/synchronization/dynamic-buttons-03/:1820
[ 5211185ms] [LOG] 321 @ https://testpages.eviltester.com/challenges/synchronization/dynamic-buttons-03/:1820
[ 5213191ms] [LOG] 322 @ https://testpages.eviltester.com/challenges/synchronization/dynamic-buttons-03/:1820
[ 5215201ms] [LOG] 323 @ https://testpages.eviltester.com/challenges/synchronization/dynamic-buttons-03/:1820
[ 5217212ms] [LOG] 324 @ https://testpages.eviltester.com/challenges/synchronization/dynamic-buttons-03/:1820
[ 5219216ms] [LOG] 325 @ https://testpages.eviltester.com/challenges/synchronization/dynamic-buttons-03/:1820
[ 5221228ms] [LOG] 326 @ https://testpages.eviltester.com/challenges/synchronization/dynamic-buttons-03/:1820
[ 5223236ms] [LOG] 327 @ https://testpages.eviltester.com/challenges/synchronization/dynamic-buttons-03/:1820
[ 5225243ms] [LOG] 328 @ https://testpages.eviltester.com/challenges/synchronization/dynamic-buttons-03/:1820
[ 5227244ms] [LOG] 329 @ https://testpages.eviltester.com/challenges/synchronization/dynamic-buttons-03/:1820
[ 5229247ms] [LOG] 330 @ https://testpages.eviltester.com/challenges/synchronization/dynamic-buttons-03/:1820
[ 5231258ms] [LOG] 331 @ https://testpages.eviltester.com/challenges/synchronization/dynamic-buttons-03/:1820
[ 5233265ms] [LOG] 332 @ https://testpages.eviltester.com/challenges/synchronization/dynamic-buttons-03/:1820
[ 5235267ms] [LOG] 333 @ https://testpages.eviltester.com/challenges/synchronization/dynamic-buttons-03/:1820
[ 5237283ms] [LOG] 334 @ https://testpages.eviltester.com/challenges/synchronization/dynamic-buttons-03/:1820
[ 5239292ms] [LOG] 335 @ https://testpages.eviltester.com/challenges/synchronization/dynamic-buttons-03/:1820
[ 5241303ms] [LOG] 336 @ https://testpages.eviltester.com/challenges/synchronization/dynamic-buttons-03/:1820
[ 5243320ms] [LOG] 337 @ https://testpages.eviltester.com/challenges/synchronization/dynamic-buttons-03/:1820
[ 5245326ms] [LOG] 338 @ https://testpages.eviltester.com/challenges/synchronization/dynamic-buttons-03/:1820
[ 5247336ms] [LOG] 339 @ https://testpages.eviltester.com/challenges/synchronization/dynamic-buttons-03/:1820
[ 5249351ms] [LOG] 340 @ https://testpages.eviltester.com/challenges/synchronization/dynamic-buttons-03/:1820
[ 5251364ms] [LOG] 341 @ https://testpages.eviltester.com/challenges/synchronization/dynamic-buttons-03/:1820
[ 5253381ms] [LOG] 342 @ https://testpages.eviltester.com/challenges/synchronization/dynamic-buttons-03/:1820
[ 5255395ms] [LOG] 343 @ https://testpages.eviltester.com/challenges/synchronization/dynamic-buttons-03/:1820
[ 5257412ms] [LOG] 344 @ https://testpages.eviltester.com/challenges/synchronization/dynamic-buttons-03/:1820
[ 5259419ms] [LOG] 345 @ https://testpages.eviltester.com/challenges/synchronization/dynamic-buttons-03/:1820
[ 5261432ms] [LOG] 346 @ https://testpages.eviltester.com/challenges/synchronization/dynamic-buttons-03/:1820
[ 5263441ms] [LOG] 347 @ https://testpages.eviltester.com/challenges/synchronization/dynamic-buttons-03/:1820
[ 5265452ms] [LOG] 348 @ https://testpages.eviltester.com/challenges/synchronization/dynamic-buttons-03/:1820
[ 5267464ms] [LOG] 349 @ https://testpages.eviltester.com/challenges/synchronization/dynamic-buttons-03/:1820
[ 5269476ms] [LOG] 350 @ https://testpages.eviltester.com/challenges/synchronization/dynamic-buttons-03/:1820
[ 5271490ms] [LOG] 351 @ https://testpages.eviltester.com/challenges/synchronization/dynamic-buttons-03/:1820
[ 5273495ms] [LOG] 352 @ https://testpages.eviltester.com/challenges/synchronization/dynamic-buttons-03/:1820
[ 5275507ms] [LOG] 353 @ https://testpages.eviltester.com/challenges/synchronization/dynamic-buttons-03/:1820
[ 5277509ms] [LOG] 354 @ https://testpages.eviltester.com/challenges/synchronization/dynamic-buttons-03/:1820
[ 5279523ms] [LOG] 355 @ https://testpages.eviltester.com/challenges/synchronization/dynamic-buttons-03/:1820
[ 5281532ms] [LOG] 356 @ https://testpages.eviltester.com/challenges/synchronization/dynamic-buttons-03/:1820
[ 5283545ms] [LOG] 357 @ https://testpages.eviltester.com/challenges/synchronization/dynamic-buttons-03/:1820
[ 5285561ms] [LOG] 358 @ https://testpages.eviltester.com/challenges/synchronization/dynamic-buttons-03/:1820
[ 5287565ms] [LOG] 359 @ https://testpages.eviltester.com/challenges/synchronization/dynamic-buttons-03/:1820
[ 5289574ms] [LOG] 360 @ https://testpages.eviltester.com/challenges/synchronization/dynamic-buttons-03/:1820
[ 5291584ms] [LOG] 361 @ https://testpages.eviltester.com/challenges/synchronization/dynamic-buttons-03/:1820
[ 5293595ms] [LOG] 362 @ https://testpages.eviltester.com/challenges/synchronization/dynamic-buttons-03/:1820
[ 5295605ms] [LOG] 363 @ https://testpages.eviltester.com/challenges/synchronization/dynamic-buttons-03/:1820
[ 5297621ms] [LOG] 364 @ https://testpages.eviltester.com/challenges/synchronization/dynamic-buttons-03/:1820
[ 5299628ms] [LOG] 365 @ https://testpages.eviltester.com/challenges/synchronization/dynamic-buttons-03/:1820
[ 5301638ms] [LOG] 366 @ https://testpages.eviltester.com/challenges/synchronization/dynamic-buttons-03/:1820
[ 5303645ms] [LOG] 367 @ https://testpages.eviltester.com/challenges/synchronization/dynamic-buttons-03/:1820
[ 5305649ms] [LOG] 368 @ https://testpages.eviltester.com/challenges/synchronization/dynamic-buttons-03/:1820
[ 5307653ms] [LOG] 369 @ https://testpages.eviltester.com/challenges/synchronization/dynamic-buttons-03/:1820
[ 5309658ms] [LOG] 370 @ https://testpages.eviltester.com/challenges/synchronization/dynamic-buttons-03/:1820
[ 5311664ms] [LOG] 371 @ https://testpages.eviltester.com/challenges/synchronization/dynamic-buttons-03/:1820
[ 5313668ms] [LOG] 372 @ https://testpages.eviltester.com/challenges/synchronization/dynamic-buttons-03/:1820
[ 5315674ms] [LOG] 373 @ https://testpages.eviltester.com/challenges/synchronization/dynamic-buttons-03/:1820
[ 5317680ms] [LOG] 374 @ https://testpages.eviltester.com/challenges/synchronization/dynamic-buttons-03/:1820
[ 5319694ms] [LOG] 375 @ https://testpages.eviltester.com/challenges/synchronization/dynamic-buttons-03/:1820
[ 5321711ms] [LOG] 376 @ https://testpages.eviltester.com/challenges/synchronization/dynamic-buttons-03/:1820
[ 5323720ms] [LOG] 377 @ https://testpages.eviltester.com/challenges/synchronization/dynamic-buttons-03/:1820
[ 5325721ms] [LOG] 378 @ https://testpages.eviltester.com/challenges/synchronization/dynamic-buttons-03/:1820
[ 5327725ms] [LOG] 379 @ https://testpages.eviltester.com/challenges/synchronization/dynamic-buttons-03/:1820
[ 5329735ms] [LOG] 380 @ https://testpages.eviltester.com/challenges/synchronization/dynamic-buttons-03/:1820
[ 5331738ms] [LOG] 381 @ https://testpages.eviltester.com/challenges/synchronization/dynamic-buttons-03/:1820
[ 5333750ms] [LOG] 382 @ https://testpages.eviltester.com/challenges/synchronization/dynamic-buttons-03/:1820
[ 5335753ms] [LOG] 383 @ https://testpages.eviltester.com/challenges/synchronization/dynamic-buttons-03/:1820
[ 5337766ms] [LOG] 384 @ https://testpages.eviltester.com/challenges/synchronization/dynamic-buttons-03/:1820
[ 5339777ms] [LOG] 385 @ https://testpages.eviltester.com/challenges/synchronization/dynamic-buttons-03/:1820
[ 5341788ms] [LOG] 386 @ https://testpages.eviltester.com/challenges/synchronization/dynamic-buttons-03/:1820
[ 5343799ms] [LOG] 387 @ https://testpages.eviltester.com/challenges/synchronization/dynamic-buttons-03/:1820
